// Jest Snapshot v1, https://goo.gl/fbAQLP

exports[`<Home /> verify snapshot 1`] = `
<SideEffect(DocumentTitle)
  title="Home"
>
  <div>
    Hello World!
  </div>
</SideEffect(DocumentTitle)>
`;
